// Jest Snapshot v1, https://goo.gl/fbAQLP

exports[`Header component renders the Header component as expected 1`] = `
Array [
  <div
    className="header-section__links"
  >
    <div>
      <section
        className="header-section__link-homepage"
      >
        <a
          href="/"
          onClick={[Function]}
          style={
            Object {
              "textDecoration": "none",
            }
          }
        >
          Get Meals
        </a>
      </section>
    </div>
    <div
      className="header-section__nav"
    >
      <section
        className="header-section__link header-fullscreen"
      >
        <a
          href="/"
          onClick={[Function]}
          style={
            Object {
              "textDecoration": "none",
            }
          }
        >
          Home Page
        </a>
      </section>
      <section
        className="header-section__link header-fullscreen"
      >
        <a
          href="/about"
          onClick={[Function]}
          style={
            Object {
              "textDecoration": "none",
            }
          }
        >
          About Us
        </a>
      </section>
      <section
        className="header-section__link header-fullscreen"
      >
        <a
          href="/add-location"
          onClick={[Function]}
          style={
            Object {
              "textDecoration": "none",
            }
          }
        >
          Add Location
        </a>
      </section>
      <section
        className="header-section__button header-mobile"
        onClick={[Function]}
      />
    </div>
  </div>,
  <div
    className="header-mobile__links"
    style={
      Object {
        "display": "none",
      }
    }
  >
    <ul
      className="header-mobile__list"
    >
      <li>
        <a
          className="header-mobile__home-page"
          href="/"
          onClick={[Function]}
        >
          Home Page
        </a>
      </li>
      <li>
        <a
          className="heaer-mobile__about-us"
          href="/about"
          onClick={[Function]}
        >
          About Us
        </a>
      </li>
      <li>
        <a
          className="header-mobile__add-location-cta"
          href="/add-location"
          onClick={[Function]}
        >
          Add Location
        </a>
      </li>
    </ul>
  </div>,
]
`;
