// Jest Snapshot v1, https://goo.gl/fbAQLP

exports[`AddPlace component renders the component as expected 1`] = `
<div>
  <h2>
    This is where you come in!
  </h2>
  <h4>
    We ask that if you know of any locations that provide free meals to add the contact information so that other users can easily find food by just searching a city in the US
  </h4>
  <div
    className="add-location-form"
  >
    <form
      className="place-form__start"
      onSubmit={[Function]}
    >
      <div
        className="place-form__inputs"
      >
        <label
          className="place-form__location-name place-form__label"
          htmlFor="add-location"
        >
          Location name:
          <span>
            * 
          </span>
        </label>
        <input
          className="place-form__input"
          name="add-location"
          onChange={[Function]}
          placeholder="name of location"
          type="text"
          value=""
        />
      </div>
      <span
        className="add-location-form-error-message"
      />
      <br />
      <br />
      <div
        className="place-form__inputs"
      >
        <label
          className="place-form__address place-form__label"
          htmlFor="place-address"
        >
          Address:
          <span>
            * 
          </span>
        </label>
        <input
          className="place-form__input"
          id="place-address"
          name="place-address"
          onChange={[Function]}
          value=""
        />
      </div>
      <span
        className="add-location-form-error-message"
      />
      <br />
      <br />
      <div
        className="place-form__inputs"
      >
        <label
          className="place-form__city place-form__label"
          htmlFor="city-location"
        >
          City:
          <span>
            *
          </span>
           
        </label>
        <input
          className="place-form__input"
          id="city-location"
          name="city-location"
          onChange={[Function]}
          value=""
        />
      </div>
      <span
        className="add-location-form-error-message"
      />
      <br />
      <br />
      <div
        className="place-form__inputs"
      >
        <label
          className="place-form__state place-form__label"
          htmlFor="us-state"
        >
          State:
          <span>
            *
          </span>
           
        </label>
        <input
          className="place-form__input"
          id="us-state"
          name="us-state"
          onChange={[Function]}
          value=""
        />
      </div>
      <span
        className="add-location-form-error-message"
      />
      <br />
      <br />
      <div
        className="place-form__inputs"
      >
        <label
          className="place-form__state place-form__label"
          htmlFor="zipcode"
        >
          Zipcode:
          <span>
            *
          </span>
           
        </label>
        <input
          className="place-form__input"
          id="zipcode"
          name="zipcode"
          onChange={[Function]}
          type="number"
          value=""
        />
      </div>
      <span
        className="add-location-form-error-message"
      />
      <br />
      <br />
      <div
        className="place-form__inputs"
      >
        <label
          className="place-form__website place-form__label"
          htmlFor="website"
        >
          Website: 
        </label>
        <input
          className="place-form__6input"
          id="website"
          name="website"
          onChange={[Function]}
          value=""
        />
      </div>
      <br />
      <br />
      <div
        className="place-form__inputs"
      >
        <label
          className="place-form__date-of-operation place-form__label"
          htmlFor="date-of-operation"
        >
          Hours of Operation:
        </label>
        <label>
          Open
        </label>
        <input
          className="place-form__open-input"
          name="opening-time"
          onChange={[Function]}
          type="time"
        />
        <br />
        <label>
          Close
        </label>
        <input
          className="place-form__close-input"
          name="closing-time"
          onChange={[Function]}
          type="time"
        />
        <br />
        <br />
      </div>
      <span
        className="add-location-form-error-message"
      />
      <br />
      <br />
      <div
        className="place-form__inputs"
      >
        <label
          className="place-form__location-types place-form__label"
          htmlFor="location-type"
        >
          Location Type:
          <span>
            * 
          </span>
        </label>
        <div
          className="place-form__select"
        >
          <select
            onChange={[Function]}
            value="Food Bank"
          >
            <option
              className="place-form__location-type"
              selected={true}
              value="Food Bank"
            >
              Food Bank
            </option>
            <option
              className="place-form__location-type"
              value="Restaurant"
            >
              Restaurant
            </option>
            <option
              className="place-form__location-type"
              value="School"
            >
              School
            </option>
            <option
              className="place-form__location-type"
              value="Other Non-Profit"
            >
              Other Non-Profit
            </option>
          </select>
        </div>
      </div>
      <span
        className="add-location-form-error-message"
      />
      <br />
      <br />
      <button
        className="place-form__button-submit"
        type="submit"
      >
        Add this location
      </button>
    </form>
  </div>
</div>
`;
