// Jest Snapshot v1, https://goo.gl/fbAQLP

exports[`AddPlace component renders the component as expected 1`] = `
<div>
  <h2>
    This is where you come in!
  </h2>
  <h4>
    We ask that if you know of any locations that provide free meals to add the contact information so that other users can easily find food by just searching a city in the US
  </h4>
  <div
    className="add-location-form"
  >
    <form
      className="place-form__start"
      onSubmit={[Function]}
    >
      <div
        className="place-form__inputs"
      >
        <label
          className="place-form__location-name place-form__label"
          htmlFor="add-location"
        >
          Location name: 
        </label>
        <span>
          *
        </span>
        <input
          className="place-form__input"
          name="add-location"
          onChange={[Function]}
          placeholder="name of location"
          type="text"
          value=""
        />
      </div>
      <br />
      <br />
      <div
        className="place-form__inputs"
      >
        <label
          className="place-form__address place-form__label"
          htmlFor="place-address"
        >
          Address:
          <span>
            * 
          </span>
        </label>
        <input
          className="place-form__input"
          id="place-address"
          name="place-address"
          onChange={[Function]}
          value=""
        />
      </div>
      <br />
      <br />
      <div
        className="place-form__inputs"
      >
        <label
          className="place-form__city place-form__label"
          htmlFor="city-location"
        >
          City:
          <span>
            *
          </span>
           
        </label>
        <input
          className="place-form__input"
          id="city-location"
          name="city-location"
          onChange={[Function]}
          value=""
        />
      </div>
      <br />
      <br />
      <div
        className="place-form__inputs"
      >
        <label
          className="place-form__state place-form__label"
          htmlFor="us-state"
        >
          State:
          <span>
            *
          </span>
           
        </label>
        <input
          className="place-form__input"
          id="us-state"
          name="us-state"
          onChange={[Function]}
          value=""
        />
      </div>
      <br />
      <br />
      <div
        className="place-form__inputs"
      >
        <label
          className="place-form__state place-form__label"
          htmlFor="zipcode"
        >
          Zipcode:
          <span>
            *
          </span>
           
        </label>
        <input
          className="place-form__input"
          id="zipcode"
          name="zipcode"
          onChange={[Function]}
          type="number"
          value=""
        />
      </div>
      <br />
      <br />
      <div
        className="place-form__inputs"
      >
        <label
          className="place-form__website place-form__label"
          htmlFor="website"
        >
          Website: 
        </label>
        <input
          className="place-form__6input"
          id="website"
          name="website"
          onChange={[Function]}
          value=""
        />
      </div>
      <br />
      <br />
      <div
        className="place-form__inputs"
      >
        <label
          className="place-form__date-of-operation"
          htmlFor="date-of-operation"
        >
          Days of Operation:
        </label>
        <br />
        <br />
        <div
          className="place-form__days"
        >
          <input
            className="place-form__day-input"
            name="date-check"
            onChange={[Function]}
            type="checkbox"
            value=""
          />
          <label
            htmlFor="date-check"
          >
            Monday
          </label>
          <label>
            Open
          </label>
          <input
            className="place-form__open-input"
            name="opening-time"
            onChange={[Function]}
            type="time"
          />
          <label>
            Close
          </label>
          <input
            className="place-form__close-input"
            name="closing-time"
            onChange={[Function]}
            type="time"
          />
          <br />
          <br />
        </div>
      </div>
      <div
        className="place-form__inputs"
      >
        <div
          className="place-form__days"
        >
          <input
            className="place-form__day-input"
            name="date-check"
            onChange={[Function]}
            type="checkbox"
            value=""
          />
          <label
            htmlFor="date-check"
          >
            Tuesday
          </label>
          <label>
            Open
          </label>
          <input
            className="place-form__open-input"
            name="opening-time"
            onChange={[Function]}
            type="time"
          />
          <label>
            Close
          </label>
          <input
            className="place-form__close-input"
            name="closing-time"
            onChange={[Function]}
            type="time"
          />
          <br />
          <br />
        </div>
      </div>
      <div
        className="place-form__inputs"
      >
        <div
          className="place-form__days"
        >
          <input
            className="place-form__day-input"
            name="date-check"
            onChange={[Function]}
            type="checkbox"
            value=""
          />
          <label
            htmlFor="date-check"
          >
            Wednesday
          </label>
          <label>
            Open
          </label>
          <input
            className="place-form__open-input"
            name="opening-time"
            onChange={[Function]}
            type="time"
          />
          <label>
            Close
          </label>
          <input
            className="place-form__close-input"
            name="closing-time"
            onChange={[Function]}
            type="time"
          />
          <br />
          <br />
        </div>
      </div>
      <div
        className="place-form__inputs"
      >
        <div
          className="place-form__days"
        >
          <input
            className="place-form__day-input"
            name="date-check"
            onChange={[Function]}
            type="checkbox"
            value=""
          />
          <label
            htmlFor="date-check"
          >
            Thursday
          </label>
          <label>
            Open
          </label>
          <input
            className="place-form__open-input"
            name="opening-time"
            onChange={[Function]}
            type="time"
          />
          <label>
            Close
          </label>
          <input
            className="place-form__close-input"
            name="closing-time"
            onChange={[Function]}
            type="time"
          />
          <br />
          <br />
        </div>
      </div>
      <div
        className="place-form__inputs"
      >
        <div
          className="place-form__days"
        >
          <input
            className="place-form__day-input"
            name="date-check"
            onChange={[Function]}
            type="checkbox"
            value=""
          />
          <label
            htmlFor="date-check"
          >
            Friday
          </label>
          <label>
            Open
          </label>
          <input
            className="place-form__open-input"
            name="opening-time"
            onChange={[Function]}
            type="time"
          />
          <label>
            Close
          </label>
          <input
            className="place-form__close-input"
            name="closing-time"
            onChange={[Function]}
            type="time"
          />
          <br />
          <br />
        </div>
      </div>
      <div
        className="place-form__inputs"
      >
        <div
          className="place-form__days"
        >
          <input
            className="place-form__day-input"
            name="date-check"
            onChange={[Function]}
            type="checkbox"
            value=""
          />
          <label
            htmlFor="date-check"
          >
            Saturday
          </label>
          <label>
            Open
          </label>
          <input
            className="place-form__open-input"
            name="opening-time"
            onChange={[Function]}
            type="time"
          />
          <label>
            Close
          </label>
          <input
            className="place-form__close-input"
            name="closing-time"
            onChange={[Function]}
            type="time"
          />
          <br />
          <br />
        </div>
      </div>
      <div
        className="place-form__inputs"
      >
        <div
          className="place-form__days"
        >
          <input
            className="place-form__day-input"
            name="date-check"
            onChange={[Function]}
            type="checkbox"
            value=""
          />
          <label
            htmlFor="date-check"
          >
            Sunday
          </label>
          <label>
            Open
          </label>
          <input
            className="place-form__open-input"
            name="opening-time"
            onChange={[Function]}
            type="time"
          />
          <label>
            Close
          </label>
          <input
            className="place-form__close-input"
            name="closing-time"
            onChange={[Function]}
            type="time"
          />
          <br />
          <br />
        </div>
      </div>
      <div
        className="place-form__inputs"
      >
        <label
          className="place-form__location-types"
          htmlFor="location-type"
        >
          Location Type:  
        </label>
        <span>
          *  
        </span>
        <div
          className="place-form__select"
        >
          <select>
            <option
              className="place-form__location-type"
            >
              Restaurant
            </option>
            <option
              className="place-form__location-type"
            >
              Food Bank
            </option>
            <option
              className="place-form__location-type"
            >
              School
            </option>
            <option
              className="place-form__location-type"
            >
              Other Non-Profit
            </option>
          </select>
        </div>
      </div>
      <br />
      <br />
      <button
        className="place-form__button-submit"
        type="submit"
      >
        Add this location
      </button>
    </form>
  </div>
</div>
`;
