// Jest Snapshot v1, https://goo.gl/fbAQLP

exports[`Popup component renders the component as expected 1`] = `
<div
  className="popup"
>
  <h2
    className="popup__location-title"
  />
  <p
    className="popus__location-address"
  />
  <p
    className="popus__location-description"
  />
  <p
    className="popus__location-hours"
  />
</div>
`;
