// Jest Snapshot v1, https://goo.gl/fbAQLP

exports[`About component renders the component as expected 1`] = `
Array [
  <div
    className="about-header"
  >
    <h1>
      About Get Meals
    </h1>
    <p>
      Get Meals was created by a group of students at Thinkful who all of the like mind of wanting to create something that will help people. The app was born in the midst of the COVID-19 out of a want to help people easily find places where they can get free meals, the location of food banks and places that provide discounts to our military, healthcare workers, etc.
    </p>
    <h1>
      Meet the Team
    </h1>
  </div>,
  <div
    className="parentView"
  >
    <div
      className="item"
    >
      <h2>
        John
      </h2>
      <img
        alt="John's picture"
        className="avatar-image"
        src="JohnL.jpeg"
      />
      <p>
        John is a bioengineer transitioning to the software development world. He's just a nerd. When he has free time, John can be found doing something active outdoors (e.g. hiking a 14er, snowboarding). He is currently based out of Denver, CO. 
        <a
          href="https://johlee92.github.io/personalPortfolio/"
          rel="noreferrer noopener"
          target="_blank"
        >
          Here
        </a>
         is his portfolio.
      </p>
    </div>
    <div
      className="item"
    >
      <h2>
        Victoria
      </h2>
      <img
        alt="Victoria's picture"
        className="avatar-image"
        src="VictoriaM.jpeg"
      />
      <p>
        About text here.
      </p>
    </div>
    <div
      className="item"
    >
      <h2>
        Sejin
      </h2>
      <img
        alt="Sejin's picture"
        className="avatar-image"
        src="placeholder.jpg"
      />
      <p>
        About text here.
      </p>
    </div>
    <div
      className="item"
    >
      <h2>
        Zack
      </h2>
      <img
        alt="Zach's picture"
        className="avatar-image"
        src="ZackZ.jpeg"
      />
      <p>
        Zack is a husband and father of three young boys. He has a wide array of interest, which shows from his degrees in physics and Old Testament. A problem solver at heart, he applies his newfound love for coding to projects like Get Meals. You can checkout his other projects 
        <a
          href="https://zzboncak.github.io/Portfolio/"
          rel="noreferrer noopener"
          target="_blank"
        >
          here
        </a>
        .
      </p>
    </div>
    <div
      className="item"
    >
      <h2>
        Peggy
      </h2>
      <img
        alt="Peggy's picture"
        className="avatar-image"
        src="placeholder.jpg"
      />
      <p>
        About text here.
      </p>
    </div>
  </div>,
]
`;
