// Jest Snapshot v1, https://goo.gl/fbAQLP

exports[`Sidebar component renders the component as expected 1`] = `
<div
  className="sidebar-container"
>
  <form
    className="sidebar-form"
    onSubmit={[Function]}
  >
    <div
      className="sidebar-form__search"
    >
      <label
        htmlFor="sidebar-form__label"
      >
        Search by address, city, or zip code:
      </label>
      <input
        className="sidebar-form__input"
        id="address"
        placeholder="New York, NY"
        required={true}
        type="text"
      />
    </div>
    <div
      className="sidebar-form__button-container"
    >
      <button
        className="sidebar-form__submit-button"
        type="submit"
      >
         Search
      </button>
    </div>
  </form>
</div>
`;
